// Jest Snapshot v1, https://goo.gl/fbAQLP

exports[`Button should render Button 1`] = `
<DocumentFragment>
  <button />
</DocumentFragment>
`;
